{"active_session_id":"99999999-9999-9999-9999-999999999999","channel":"google","counts":{"deliveries":2,"drafts":1,"logs":3,"messages":1,"notes":1},"created_at":"2026-06-20T08:00:00Z","decline_reason":null,"error_message":null,"external_thread_id":"thread-f:1866870901077892614","injection_result":{"blocked":false,"confidence":0.02},"mailbox":{"email":"support@acme.com","id":"mb-1","provider":"google","status":"active"},"pending_reentry":false,"pipeline_started_at":"2026-06-20T08:00:01Z","processor_failure":null,"project":{"id":"11111111-1111-1111-1111-111111111111","slug":"acme-support","tenant_codename":"acme","webhook_url":"https://hooks.acme.example/replypen"},"status":"draft_created","subject":"Invoice question about order #4821","thread_id":"aaaaaaaa-1111-1111-1111-111111111111","triage_result":{"should_process":true,"category":"billing","confidence":0.91},"type":"thread","updated_at":"2026-06-20T08:05:00Z"}
{"detail":"Invoice question about order #4821","label":"inbound from buyer@example.com","ts":"2026-06-20T08:00:00Z","type":"message"}
{"detail":"category=billing should_process=true","label":"triage ok","ts":"2026-06-20T08:00:02Z","type":"log"}
{"detail":"turn 0 to https://hooks.acme.example/replypen","label":"outbound webhook → 200","ts":"2026-06-20T08:00:05Z","type":"delivery"}
{"detail":"draft + note returned","label":"callback ← 200","ts":"2026-06-20T08:04:30Z","type":"delivery"}
{"detail":"Customer has 2 open invoices totalling $480.","label":"note injected","ts":"2026-06-20T08:04:31Z","type":"note"}
{"detail":"status=placed","label":"draft placed","ts":"2026-06-20T08:04:32Z","type":"draft"}
